// Jest Snapshot v1, https://goo.gl/fbAQLP

exports[`<DefinePolicy /> spec renders the component 1`] = `
<div
  class="euiPanel euiPanel--paddingMedium"
  style="padding-left: 0px; padding-right: 0px;"
>
  <div
    class="euiFlexGroup euiFlexGroup--gutterLarge euiFlexGroup--alignItemsCenter euiFlexGroup--justifyContentSpaceBetween euiFlexGroup--directionRow euiFlexGroup--responsive"
    style="padding: 0px 10px;"
  >
    <div
      class="euiFlexItem"
    >
      <h3
        class="euiTitle euiTitle--small"
      >
        Define policy
      </h3>
    </div>
    <div
      class="euiFlexItem euiFlexItem--flexGrowZero"
    >
      <div
        class="euiFlexGroup euiFlexGroup--gutterLarge euiFlexGroup--alignItemsCenter euiFlexGroup--justifyContentSpaceBetween euiFlexGroup--directionRow euiFlexGroup--responsive"
      >
        <div
          class="euiFlexItem"
        >
          <span
            class="euiToolTipAnchor"
          >
            <button
              class="euiButton euiButton--primary"
              type="button"
            >
              <span
                class="euiButtonContent euiButton__content"
              >
                EuiIconMock
                <span
                  class="euiButton__text"
                >
                  Copy
                </span>
              </span>
            </button>
          </span>
        </div>
        <div
          class="euiFlexItem"
        >
          <button
            class="euiButton euiButton--primary"
            type="button"
          >
            <span
              class="euiButtonContent euiButton__content"
            >
              EuiIconMock
              <span
                class="euiButton__text"
              >
                Auto indent
              </span>
            </span>
          </button>
        </div>
      </div>
    </div>
  </div>
  <hr
    class="euiHorizontalRule euiHorizontalRule--full euiHorizontalRule--marginXSmall"
  />
  <div
    style="padding: initial;"
  >
    <div
      style="padding-left: 10px;"
    >
      <div
        class="euiText euiText--extraSmall"
      >
        <p>
          You can think of policies as state machines. "Actions" are the operations ISM performs when an index is in a certain state. "Transitions" define when to move from one state to another.
           
          <a
            class="euiLink euiLink--primary"
            href="https://opendistro.github.io/for-elasticsearch-docs/docs/ism/"
            rel="noopener noreferrer"
            target="_blank"
          >
            Learn more 
            EuiIconMock
          </a>
        </p>
      </div>
    </div>
    <div
      class="euiSpacer euiSpacer--m"
    />
    <div
      class="euiCodeEditorWrapper"
      data-test-subj="codeEditorContainer"
      style="width: 100%;"
    >
      <div
        class="euiCodeEditorKeyboardHint"
        data-test-subj="codeEditorHint"
        id="some_html_id"
        role="button"
        tabindex="0"
      >
        <p
          class="euiText"
        >
          Press Enter to start editing.
        </p>
        <p
          class="euiText"
        >
          When you're done, press Escape to stop editing.
        </p>
      </div>
      <div
        class=" ace_editor ace-tm"
        id="some_html_id"
        style="width: 100%; height: 500px; font-size: 14px;"
      >
        <textarea
          aria-label="Code Editor"
          autocapitalize="off"
          autocorrect="off"
          class="ace_text-input"
          spellcheck="false"
          style="opacity: 0;"
          tabindex="-1"
          wrap="off"
        />
        <div
          aria-hidden="true"
          class="ace_gutter"
        >
          <div
            class="ace_layer ace_gutter-layer ace_folding-enabled"
          />
          <div
            class="ace_gutter-active-line"
          />
        </div>
        <div
          class="ace_scroller"
        >
          <div
            class="ace_content"
          >
            <div
              class="ace_layer ace_print-margin-layer"
            >
              <div
                class="ace_print-margin"
                style="left: 4px; visibility: visible;"
              />
            </div>
            <div
              class="ace_layer ace_marker-layer"
            />
            <div
              class="ace_layer ace_text-layer"
              style="padding: 0px 4px;"
            />
            <div
              class="ace_layer ace_marker-layer"
            />
            <div
              class="ace_layer ace_cursor-layer ace_hidden-cursors"
            >
              <div
                class="ace_cursor"
              />
            </div>
          </div>
        </div>
        <div
          class="ace_scrollbar ace_scrollbar-v"
          style="display: none; width: 20px;"
        >
          <div
            class="ace_scrollbar-inner"
            style="width: 20px;"
          />
        </div>
        <div
          class="ace_scrollbar ace_scrollbar-h"
          style="display: none; height: 20px;"
        >
          <div
            class="ace_scrollbar-inner"
            style="height: 20px;"
          />
        </div>
        <div
          style="height: auto; width: auto; top: 0px; left: 0px; visibility: hidden; position: absolute; white-space: pre; overflow: hidden;"
        >
          <div
            style="height: auto; width: auto; top: 0px; left: 0px; visibility: hidden; position: absolute; white-space: pre; overflow: visible;"
          />
          <div
            style="height: auto; width: auto; top: 0px; left: 0px; visibility: hidden; position: absolute; white-space: pre; overflow: visible;"
          >
            XXXXXXXXXXXXXXXXXXXXXXXXXXXXXXXXXXXXXXXXXXXXXXXXXXXXXXXXXXXXXXXXXXXXXXXXXXXXXXXXXXXXXXXXXXXXXXXXXXXX
          </div>
        </div>
      </div>
    </div>
  </div>
</div>
`;
