// Jest Snapshot v1, https://goo.gl/fbAQLP

exports[`<CreatePolicy /> spec renders the create component 1`] = `
<div
  style="padding: 25px 50px;"
>
  <h1
    class="euiTitle euiTitle--large"
  >
    Create
     policy
  </h1>
  <div
    class="euiSpacer euiSpacer--l"
  />
  <div
    class="euiPanel euiPanel--paddingMedium"
    style="padding-left: 0px; padding-right: 0px;"
  >
    <div
      class="euiFlexGroup euiFlexGroup--gutterLarge euiFlexGroup--alignItemsCenter euiFlexGroup--justifyContentSpaceBetween euiFlexGroup--directionRow euiFlexGroup--responsive"
      style="padding: 0px 10px;"
    >
      <div
        class="euiFlexItem"
      >
        <h3
          class="euiTitle euiTitle--small"
        >
          Name policy
        </h3>
      </div>
    </div>
    <hr
      class="euiHorizontalRule euiHorizontalRule--full euiHorizontalRule--marginXSmall"
    />
    <div
      style="padding: initial;"
    >
      <div
        style="padding-left: 10px;"
      >
        <div
          class="euiText euiText--extraSmall"
        >
          <p>
            Policies let you automatically perform administrative operations on indices.
          </p>
        </div>
        <div
          class="euiSpacer euiSpacer--s"
        />
        <div
          class="euiFormRow"
          id="some_html_id-row"
        >
          <div
            class="euiFormRow__labelWrapper"
          >
            <label
              aria-invalid="false"
              class="euiFormLabel euiFormRow__label"
              for="some_html_id"
            >
              Policy ID
            </label>
          </div>
          <div
            class="euiFormRow__fieldWrapper"
          >
            <div
              class="euiFormControlLayout"
            >
              <div
                class="euiFormControlLayout__childrenWrapper"
              >
                <input
                  aria-describedby="some_html_id-help"
                  class="euiFieldText"
                  id="some_html_id"
                  placeholder="hot_cold_workflow"
                  type="text"
                  value=""
                />
              </div>
            </div>
            <div
              class="euiFormHelpText euiFormRow__text"
              id="some_html_id-help"
            >
              Specify a unique ID that is easy to recognize and remember.
            </div>
          </div>
        </div>
      </div>
    </div>
  </div>
  <div
    class="euiSpacer euiSpacer--l"
  />
  <div
    class="euiPanel euiPanel--paddingMedium"
    style="padding-left: 0px; padding-right: 0px;"
  >
    <div
      class="euiFlexGroup euiFlexGroup--gutterLarge euiFlexGroup--alignItemsCenter euiFlexGroup--justifyContentSpaceBetween euiFlexGroup--directionRow euiFlexGroup--responsive"
      style="padding: 0px 10px;"
    >
      <div
        class="euiFlexItem"
      >
        <h3
          class="euiTitle euiTitle--small"
        >
          Define policy
        </h3>
      </div>
      <div
        class="euiFlexItem euiFlexItem--flexGrowZero"
      >
        <div
          class="euiFlexGroup euiFlexGroup--gutterLarge euiFlexGroup--alignItemsCenter euiFlexGroup--justifyContentSpaceBetween euiFlexGroup--directionRow euiFlexGroup--responsive"
        >
          <div
            class="euiFlexItem"
          >
            <span
              class="euiToolTipAnchor"
            >
              <button
                class="euiButton euiButton--primary"
                type="button"
              >
                <span
                  class="euiButtonContent euiButton__content"
                >
                  EuiIconMock
                  <span
                    class="euiButton__text"
                  >
                    Copy
                  </span>
                </span>
              </button>
            </span>
          </div>
          <div
            class="euiFlexItem"
          >
            <button
              class="euiButton euiButton--primary euiButton-isDisabled"
              disabled=""
              type="button"
            >
              <span
                class="euiButtonContent euiButton__content"
              >
                EuiIconMock
                <span
                  class="euiButton__text"
                >
                  Auto Indent
                </span>
              </span>
            </button>
          </div>
        </div>
      </div>
    </div>
    <hr
      class="euiHorizontalRule euiHorizontalRule--full euiHorizontalRule--marginXSmall"
    />
    <div
      style="padding: initial;"
    >
      <div
        style="padding-left: 10px;"
      >
        <div
          class="euiText euiText--extraSmall"
        >
          <p>
            Create a policy with a JSON configuration file. This can be added directly in the code editor below.
          </p>
        </div>
      </div>
      <div
        class="euiSpacer euiSpacer--s"
      />
      <textarea
        aria-label="Code Editor"
        class="euiTextArea euiTextArea--resizeVertical"
        rows="6"
      />
    </div>
  </div>
  <div
    class="euiSpacer euiSpacer--l"
  />
  
  <div
    class="euiSpacer euiSpacer--l"
  />
  <div
    class="euiFlexGroup euiFlexGroup--gutterLarge euiFlexGroup--alignItemsCenter euiFlexGroup--justifyContentFlexEnd euiFlexGroup--directionRow euiFlexGroup--responsive"
  >
    <div
      class="euiFlexItem euiFlexItem--flexGrowZero"
    >
      <button
        class="euiButtonEmpty euiButtonEmpty--primary"
        data-test-subj="createPolicyCancelButton"
        type="button"
      >
        <span
          class="euiButtonContent euiButtonEmpty__content"
        >
          <span
            class="euiButtonEmpty__text"
          >
            Cancel
          </span>
        </span>
      </button>
    </div>
    <div
      class="euiFlexItem euiFlexItem--flexGrowZero"
    >
      <button
        class="euiButton euiButton--primary euiButton--fill"
        data-test-subj="createPolicyCreateButton"
        type="button"
      >
        <span
          class="euiButtonContent euiButton__content"
        >
          <span
            class="euiButton__text"
          >
            Create
          </span>
        </span>
      </button>
    </div>
  </div>
</div>
`;

exports[`<CreatePolicy /> spec renders the edit component 1`] = `
<div>
  Testing Policies
</div>
`;

exports[`<CreatePolicy /> spec routes back to policies if given bad id 1`] = `null`;
