// Jest Snapshot v1, https://goo.gl/fbAQLP

exports[`<ContentPanelActions /> spec renders the component 1`] = `
<div
  class="euiFlexGroup euiFlexGroup--gutterLarge euiFlexGroup--alignItemsCenter euiFlexGroup--justifyContentSpaceBetween euiFlexGroup--directionRow euiFlexGroup--responsive"
>
  <div
    class="euiFlexItem euiFlexItem--flexGrowZero"
  >
    <button
      class="euiButton euiButton--primary"
      data-test-subj="ContentPanelActionsButton"
      type="button"
    >
      <span
        class="euiButtonContent euiButton__content"
      >
        <span
          class="euiButton__text"
        >
          ContentPanelActions
        </span>
      </span>
    </button>
  </div>
</div>
`;
