// Jest Snapshot v1, https://goo.gl/fbAQLP

exports[`<ChangePolicy /> spec renders the component 1`] = `
<div
  style="padding: 0px 25px;"
>
  <h1
    class="euiTitle euiTitle--large"
  >
    Change policy
  </h1>
  <div
    class="euiSpacer euiSpacer--l"
  />
  <div
    class="euiPanel euiPanel--paddingMedium"
    style="padding-left: 0px; padding-right: 0px;"
  >
    <div
      class="euiFlexGroup euiFlexGroup--gutterLarge euiFlexGroup--alignItemsCenter euiFlexGroup--justifyContentSpaceBetween euiFlexGroup--directionRow euiFlexGroup--responsive"
      style="padding: 0px 10px;"
    >
      <div
        class="euiFlexItem"
      >
        <h3
          class="euiTitle euiTitle--small"
        >
          Choose managed indices
        </h3>
      </div>
    </div>
    <hr
      class="euiHorizontalRule euiHorizontalRule--full euiHorizontalRule--marginXSmall"
    />
    <div
      style="padding: initial;"
    >
      <div
        style="padding-left: 10px;"
      >
        <div
          class="euiSpacer euiSpacer--m"
        />
        <div
          class="euiFormRow"
          id="some_make_id-row"
        >
          <div>
            <label
              aria-invalid="false"
              class="euiFormLabel"
              for="some_make_id"
            >
              Managed indices
            </label>
          </div>
          <div
            aria-describedby="some_make_id-help"
            aria-expanded="false"
            aria-haspopup="listbox"
            class="euiComboBox"
            role="combobox"
          >
            <div
              class="euiFormControlLayout"
            >
              <div
                class="euiFormControlLayout__childrenWrapper"
              >
                <div
                  class="euiComboBox__inputWrap euiComboBox__inputWrap-isClearable"
                  data-test-subj="comboBoxInput"
                  tabindex="-1"
                >
                  <div
                    class="euiComboBox__input"
                    style="font-size: 14px; display: inline-block;"
                  >
                    <input
                      data-test-subj="comboBoxSearchInput"
                      id="some_make_id"
                      role="textbox"
                      style="box-sizing: content-box; width: 2px;"
                      value=""
                    />
                    <div
                      style="position: absolute; top: 0px; left: 0px; visibility: hidden; height: 0px; overflow: scroll; white-space: pre; font-family: -webkit-small-control; letter-spacing: normal; text-transform: none;"
                    />
                  </div>
                </div>
                <div
                  class="euiFormControlLayoutIcons euiFormControlLayoutIcons--right"
                >
                  <button
                    aria-label="Open list of options"
                    class="euiFormControlLayoutCustomIcon euiFormControlLayoutCustomIcon--clickable"
                    data-test-subj="comboBoxToggleListButton"
                    type="button"
                  >
                    EuiIconMock
                  </button>
                </div>
              </div>
            </div>
          </div>
          <div
            class="euiFormHelpText euiFormRow__text"
            id="some_make_id-help"
          >
            You can use * as wildcards to form index patterns.
          </div>
        </div>
        <div
          class="euiFormRow"
          id="some_make_id-row"
        >
          <div>
            <label
              class="euiFormLabel"
              for="some_make_id"
            >
              State filters
            </label>
          </div>
          <div
            aria-describedby="some_make_id-help"
            aria-expanded="false"
            aria-haspopup="listbox"
            class="euiComboBox euiComboBox-isDisabled"
            role="combobox"
          >
            <div
              class="euiFormControlLayout"
            >
              <div
                class="euiFormControlLayout__childrenWrapper"
              >
                <div
                  class="euiComboBox__inputWrap"
                  data-test-subj="comboBoxInput"
                  tabindex="-1"
                >
                  <p
                    class="euiComboBoxPlaceholder"
                  >
                    Choose state filters
                  </p>
                  <div
                    class="euiComboBox__input"
                    style="font-size: 14px; display: inline-block;"
                  >
                    <input
                      data-test-subj="comboBoxSearchInput"
                      disabled=""
                      id="some_make_id"
                      role="textbox"
                      style="box-sizing: content-box; width: 2px;"
                      value=""
                    />
                    <div
                      style="position: absolute; top: 0px; left: 0px; visibility: hidden; height: 0px; overflow: scroll; white-space: pre; font-family: -webkit-small-control; letter-spacing: normal; text-transform: none;"
                    />
                  </div>
                </div>
                <div
                  class="euiFormControlLayoutIcons euiFormControlLayoutIcons--right"
                >
                  <button
                    aria-label="Open list of options"
                    class="euiFormControlLayoutCustomIcon euiFormControlLayoutCustomIcon--clickable"
                    data-test-subj="comboBoxToggleListButton"
                    disabled=""
                    type="button"
                  >
                    EuiIconMock
                  </button>
                </div>
              </div>
            </div>
          </div>
          <div
            class="euiFormHelpText euiFormRow__text"
            id="some_make_id-help"
          >
            Apply new policy only on managed indices in these states.
          </div>
        </div>
      </div>
    </div>
  </div>
  <div
    class="euiSpacer euiSpacer--l"
  />
  <div
    class="euiPanel euiPanel--paddingMedium"
    style="padding-left: 0px; padding-right: 0px;"
  >
    <div
      class="euiFlexGroup euiFlexGroup--gutterLarge euiFlexGroup--alignItemsCenter euiFlexGroup--justifyContentSpaceBetween euiFlexGroup--directionRow euiFlexGroup--responsive"
      style="padding: 0px 10px;"
    >
      <div
        class="euiFlexItem"
      >
        <h3
          class="euiTitle euiTitle--small"
        >
          Choose new policy
        </h3>
      </div>
    </div>
    <hr
      class="euiHorizontalRule euiHorizontalRule--full euiHorizontalRule--marginXSmall"
    />
    <div
      style="padding: initial;"
    >
      <div
        style="padding-left: 10px;"
      >
        <div
          class="euiText euiText--extraSmall"
        >
          <p>
            When the new policy will take effect depends on the current state of indices and the states of the new policy.
             
            <a
              class="euiLink euiLink--primary"
              href="https://opendistro.github.io/for-elasticsearch-docs/docs/ism/"
              rel="noopener noreferrer"
              target="_blank"
            >
              Learn more 
              EuiIconMock
            </a>
          </p>
        </div>
        <div
          class="euiSpacer euiSpacer--s"
        />
        <div
          class="euiFormRow"
          id="some_make_id-row"
        >
          <div>
            <label
              aria-invalid="false"
              class="euiFormLabel"
              for="some_make_id"
            >
              New policy
            </label>
          </div>
          <div
            aria-expanded="false"
            aria-haspopup="listbox"
            class="euiComboBox"
            role="combobox"
          >
            <div
              class="euiFormControlLayout"
            >
              <div
                class="euiFormControlLayout__childrenWrapper"
              >
                <div
                  class="euiComboBox__inputWrap euiComboBox__inputWrap--noWrap euiComboBox__inputWrap-isClearable"
                  data-test-subj="comboBoxInput"
                  tabindex="-1"
                >
                  <div
                    class="euiComboBox__input"
                    style="font-size: 14px; display: inline-block;"
                  >
                    <input
                      data-test-subj="comboBoxSearchInput"
                      id="some_make_id"
                      role="textbox"
                      style="box-sizing: content-box; width: 2px;"
                      value=""
                    />
                    <div
                      style="position: absolute; top: 0px; left: 0px; visibility: hidden; height: 0px; overflow: scroll; white-space: pre; font-family: -webkit-small-control; letter-spacing: normal; text-transform: none;"
                    />
                  </div>
                </div>
                <div
                  class="euiFormControlLayoutIcons euiFormControlLayoutIcons--right"
                >
                  <button
                    aria-label="Open list of options"
                    class="euiFormControlLayoutCustomIcon euiFormControlLayoutCustomIcon--clickable"
                    data-test-subj="comboBoxToggleListButton"
                    type="button"
                  >
                    EuiIconMock
                  </button>
                </div>
              </div>
            </div>
          </div>
        </div>
        <div>
          <div
            class="euiRadio euiRadioGroup__item"
          >
            <input
              checked=""
              class="euiRadio__input"
              id="current"
              type="radio"
              value=""
            />
            <div
              class="euiRadio__circle"
            />
            <label
              class="euiRadio__label"
              for="current"
            >
              Keep indices in their current state after the policy takes effect
            </label>
          </div>
          <div
            class="euiRadio euiRadioGroup__item"
          >
            <input
              class="euiRadio__input"
              disabled=""
              id="state"
              type="radio"
              value=""
            />
            <div
              class="euiRadio__circle"
            />
            <label
              class="euiRadio__label"
              for="state"
            >
              Switch indices to the following state after the policy takes effect
            </label>
          </div>
        </div>
        <div
          class="euiSpacer euiSpacer--s"
        />
        <div
          class="euiFormRow"
          id="some_make_id-row"
        >
          <div
            class="euiFormControlLayout"
          >
            <div
              class="euiFormControlLayout__childrenWrapper"
            >
              <select
                aria-label="Start state for new policy"
                class="euiSelect"
                disabled=""
                id="some_make_id"
              />
              <div
                class="euiFormControlLayoutIcons euiFormControlLayoutIcons--right"
              >
                <span
                  class="euiFormControlLayoutCustomIcon"
                >
                  EuiIconMock
                </span>
              </div>
            </div>
          </div>
        </div>
      </div>
    </div>
  </div>
  <div
    class="euiSpacer euiSpacer--l"
  />
  <div
    class="euiFlexGroup euiFlexGroup--gutterLarge euiFlexGroup--alignItemsCenter euiFlexGroup--justifyContentFlexEnd euiFlexGroup--directionRow euiFlexGroup--responsive"
  >
    <div
      class="euiFlexItem euiFlexItem--flexGrowZero"
    >
      <button
        class="euiButton euiButton--primary euiButton--fill"
        data-test-subj="changePolicyChangeButton"
        type="button"
      >
        <span
          class="euiButton__content"
        >
          <span
            class="euiButton__text"
          >
            Change
          </span>
        </span>
      </button>
    </div>
  </div>
</div>
`;
