// Jest Snapshot v1, https://goo.gl/fbAQLP

exports[`<IndexControls /> spec renders the component 1`] = `
<div
  class="euiFlexGroup euiFlexGroup--gutterLarge euiFlexGroup--directionRow euiFlexGroup--responsive"
  style="padding: 0px 5px;"
>
  <div
    class="euiFlexItem"
  >
    <div
      class="euiFormControlLayout euiFormControlLayout--fullWidth"
    >
      <div
        class="euiFormControlLayout__childrenWrapper"
      >
        <input
          class="euiFieldSearch euiFieldSearch--fullWidth"
          placeholder="Search"
          type="search"
          value="testing"
        />
        <div
          class="euiFormControlLayoutIcons"
        >
          <span
            class="euiFormControlLayoutCustomIcon"
          >
            <svg
              aria-hidden="true"
              class="euiIcon euiIcon--medium euiFormControlLayoutCustomIcon__icon"
              focusable="false"
              height="16"
              viewBox="0 0 16 16"
              width="16"
              xmlns="http://www.w3.org/2000/svg"
              xmlns:xlink="http://www.w3.org/1999/xlink"
            >
              <defs>
                <path
                  d="M11.271 11.978l3.872 3.873a.502.502 0 0 0 .708 0 .502.502 0 0 0 0-.708l-3.565-3.564c2.38-2.747 2.267-6.923-.342-9.532-2.73-2.73-7.17-2.73-9.898 0-2.728 2.729-2.728 7.17 0 9.9a6.955 6.955 0 0 0 4.949 2.05.5.5 0 0 0 0-1 5.96 5.96 0 0 1-4.242-1.757 6.01 6.01 0 0 1 0-8.486c2.337-2.34 6.143-2.34 8.484 0a6.01 6.01 0 0 1 0 8.486.5.5 0 0 0 .034.738z"
                  id="search-a"
                />
              </defs>
              <use
                xlink:href="#search-a"
              />
            </svg>
          </span>
        </div>
      </div>
    </div>
  </div>
  <div
    class="euiFlexItem euiFlexItem--flexGrowZero"
    style="max-width: 250px;"
  >
    <div
      class="euiFlexGroup euiFlexGroup--gutterSmall euiFlexGroup--directionRow euiSuperDatePicker__flexWrapper euiSuperDatePicker__flexWrapper--isAutoRefreshOnly"
    >
      <div
        class="euiFlexItem"
      >
        <div
          class="euiFormControlLayout euiFormControlLayout--group euiSuperDatePicker"
        >
          <div
            class="euiPopover euiPopover--anchorDownLeft"
            id="QuickSelectPopover"
          >
            <div
              class="euiPopover__anchor"
            >
              <button
                aria-label="Date quick select"
                class="euiButtonEmpty euiButtonEmpty--primary euiButtonEmpty--xSmall euiButtonEmpty--iconRight euiFormControlLayout__prepend"
                data-test-subj="superDatePickerToggleQuickMenuButton"
                type="button"
              >
                <span
                  class="euiButtonEmpty__content"
                >
                  <svg
                    aria-hidden="true"
                    class="euiIcon euiIcon--medium euiButtonEmpty__icon"
                    focusable="false"
                    height="16"
                    viewBox="0 0 16 16"
                    width="16"
                    xmlns="http://www.w3.org/2000/svg"
                    xmlns:xlink="http://www.w3.org/1999/xlink"
                  >
                    <defs>
                      <path
                        d="M13.069 5.157L8.384 9.768a.546.546 0 0 1-.768 0L2.93 5.158a.552.552 0 0 0-.771 0 .53.53 0 0 0 0 .759l4.684 4.61c.641.631 1.672.63 2.312 0l4.684-4.61a.53.53 0 0 0 0-.76.552.552 0 0 0-.771 0z"
                        id="arrow_down-a"
                      />
                    </defs>
                    <use
                      fill-rule="nonzero"
                      xlink:href="#arrow_down-a"
                    />
                  </svg>
                  <span
                    class="euiButtonEmpty__text euiQuickSelectPopover__buttonText"
                  >
                    <svg
                      class="euiIcon euiIcon--medium"
                      focusable="false"
                      height="16"
                      viewBox="0 0 16 16"
                      width="16"
                      xmlns="http://www.w3.org/2000/svg"
                    >
                      <path
                        d="M7.5 13A5.506 5.506 0 0 1 2 7.5C2 4.467 4.467 2 7.5 2S13 4.467 13 7.5 10.533 13 7.5 13m0-12a6.5 6.5 0 1 0 0 13 6.5 6.5 0 0 0 0-13m3 6H8V3.5a.5.5 0 0 0-1 0v4a.5.5 0 0 0 .5.5h3a.5.5 0 0 0 0-1"
                        fill-rule="evenodd"
                      />
                    </svg>
                  </span>
                </span>
              </button>
            </div>
          </div>
          <div
            class="euiFormControlLayout__childrenWrapper"
          >
            <div
              class="euiDatePickerRange euiDatePickerRange--readOnly euiDatePickerRange--inGroup euiFormControlLayout__child--noStyle"
            >
              <span
                class="euiSuperDatePicker__prettyFormat"
              >
                Off
              </span>
            </div>
          </div>
        </div>
      </div>
    </div>
  </div>
</div>
`;
