// Jest Snapshot v1, https://goo.gl/fbAQLP

exports[`<RollupDetails /> spec renders the component 1`] = `
<div
  style="padding: 5px 50px;"
>
  <div
    class="euiFlexGroup euiFlexGroup--gutterLarge euiFlexGroup--alignItemsCenter euiFlexGroup--justifyContentSpaceBetween euiFlexGroup--directionRow euiFlexGroup--responsive"
    style="padding: 0px 10px;"
  >
    <div
      class="euiFlexItem euiFlexItem--flexGrowZero"
    >
      <h2
        class="euiTitle euiTitle--medium"
      />
    </div>
    <div
      class="euiFlexItem"
    >
      <div
        class="euiHealth"
      >
        <div
          class="euiFlexGroup euiFlexGroup--gutterExtraSmall euiFlexGroup--alignItemsCenter euiFlexGroup--directionRow"
        >
          <div
            class="euiFlexItem euiFlexItem--flexGrowZero"
          >
            EuiIconMock
          </div>
          <div
            class="euiFlexItem euiFlexItem--flexGrowZero"
          >
            Disabled
          </div>
        </div>
      </div>
    </div>
    <div
      class="euiFlexItem euiFlexItem--flexGrowZero"
    >
      <div
        class="euiFlexGroup euiFlexGroup--gutterSmall euiFlexGroup--alignItemsCenter euiFlexGroup--directionRow euiFlexGroup--responsive"
      >
        <div
          class="euiFlexItem euiFlexItem--flexGrowZero"
        >
          <button
            class="euiButton euiButton--primary euiButton-isDisabled"
            data-test-subj="disableButton"
            disabled=""
            type="button"
          >
            <span
              class="euiButtonContent euiButton__content"
            >
              <span
                class="euiButton__text"
              >
                Disable
              </span>
            </span>
          </button>
        </div>
        <div
          class="euiFlexItem euiFlexItem--flexGrowZero"
        >
          <button
            class="euiButton euiButton--primary"
            data-test-subj="enableButton"
            type="button"
          >
            <span
              class="euiButtonContent euiButton__content"
            >
              <span
                class="euiButton__text"
              >
                Enable
              </span>
            </span>
          </button>
        </div>
        <div
          class="euiFlexItem euiFlexItem--flexGrowZero"
        >
          <button
            class="euiButton euiButton--primary"
            type="button"
          >
            <span
              class="euiButtonContent euiButton__content"
            >
              <span
                class="euiButton__text"
              >
                View JSON
              </span>
            </span>
          </button>
        </div>
        <div
          class="euiFlexItem euiFlexItem--flexGrowZero"
        >
          <button
            class="euiButton euiButton--danger"
            data-test-subj="deleteButton"
            type="button"
          >
            <span
              class="euiButtonContent euiButton__content"
            >
              <span
                class="euiButton__text"
              >
                Delete
              </span>
            </span>
          </button>
        </div>
      </div>
    </div>
  </div>
  <div
    class="euiSpacer euiSpacer--l"
  />
  <div
    class="euiPanel euiPanel--paddingMedium"
    style="padding-left: 0px; padding-right: 0px;"
  >
    <div
      class="euiFlexGroup euiFlexGroup--gutterLarge euiFlexGroup--alignItemsCenter euiFlexGroup--justifyContentSpaceBetween euiFlexGroup--directionRow euiFlexGroup--responsive"
      style="padding: 0px 10px;"
    >
      <div
        class="euiFlexItem"
      >
        <h3
          class="euiTitle euiTitle--medium"
        >
          General information
        </h3>
      </div>
      <div
        class="euiFlexItem euiFlexItem--flexGrowZero"
      >
        <div
          class="euiFlexGroup euiFlexGroup--gutterLarge euiFlexGroup--alignItemsCenter euiFlexGroup--justifyContentSpaceBetween euiFlexGroup--directionRow euiFlexGroup--responsive"
        >
          <div
            class="euiFlexItem"
          >
            <div
              class="euiFlexGroup euiFlexGroup--gutterLarge euiFlexGroup--alignItemsCenter euiFlexGroup--justifyContentSpaceBetween euiFlexGroup--directionRow euiFlexGroup--responsive"
            >
              <div
                class="euiFlexItem euiFlexItem--flexGrowZero"
              >
                <button
                  class="euiButton euiButton--primary"
                  data-test-subj="EditButton"
                  type="button"
                >
                  <span
                    class="euiButtonContent euiButton__content"
                  >
                    <span
                      class="euiButton__text"
                    >
                      Edit
                    </span>
                  </span>
                </button>
              </div>
            </div>
          </div>
        </div>
      </div>
    </div>
    <hr
      class="euiHorizontalRule euiHorizontalRule--full euiHorizontalRule--marginXSmall"
    />
    <div
      style="padding: initial;"
    >
      <div
        style="padding-left: 10px;"
      >
        <div
          class="euiSpacer euiSpacer--s"
        />
        <div
          class="euiFlexGrid euiFlexGrid--gutterLarge euiFlexGrid--fourths euiFlexGrid--responsive"
        >
          <div
            class="euiFlexItem"
          >
            <div
              class="euiText euiText--extraSmall"
            >
              <dt>
                Name
              </dt>
              <dd />
            </div>
          </div>
          <div
            class="euiFlexItem"
          >
            <div
              class="euiText euiText--extraSmall"
            >
              <dt>
                Source index
              </dt>
              <dd />
            </div>
          </div>
          <div
            class="euiFlexItem"
          >
            <div
              class="euiText euiText--extraSmall"
            >
              <dt>
                Target index
              </dt>
              <dd />
            </div>
          </div>
          <div
            class="euiFlexItem"
          >
            <div
              class="euiText euiText--extraSmall"
            >
              <dt>
                Schedule
              </dt>
              <dd>
                Continuous, every 2 minute(s)
              </dd>
            </div>
          </div>
          <div
            class="euiFlexItem"
          >
            <div
              class="euiText euiText--extraSmall"
            >
              <dt>
                Description
              </dt>
              <dd>
                -
              </dd>
            </div>
          </div>
          <div
            class="euiFlexItem"
          >
            <div
              class="euiText euiText--extraSmall"
            >
              <dt>
                Last updated
              </dt>
              <dd>
                -
              </dd>
            </div>
          </div>
          <div
            class="euiFlexItem"
          >
            <div
              class="euiText euiText--extraSmall"
            >
              <dt>
                Pages per execution
              </dt>
              <dd>
                1000
              </dd>
            </div>
          </div>
        </div>
        <div
          class="euiSpacer euiSpacer--s"
        />
      </div>
    </div>
  </div>
  <div
    class="euiSpacer euiSpacer--l"
  />
  <div
    class="euiPanel euiPanel--paddingMedium"
    style="padding-left: 0px; padding-right: 0px;"
  >
    <div
      class="euiFlexGroup euiFlexGroup--gutterLarge euiFlexGroup--alignItemsCenter euiFlexGroup--justifyContentSpaceBetween euiFlexGroup--directionRow euiFlexGroup--responsive"
      style="padding: 0px 10px;"
    >
      <div
        class="euiFlexItem"
      >
        <h3
          class="euiTitle euiTitle--medium"
        >
          Rollup status
        </h3>
      </div>
    </div>
    <hr
      class="euiHorizontalRule euiHorizontalRule--full euiHorizontalRule--marginXSmall"
    />
    <div
      style="padding: initial;"
    >
      <div
        style="padding-left: 10px;"
      >
        <div
          class="euiSpacer euiSpacer--s"
        />
        <div
          class="euiFlexGrid euiFlexGrid--gutterLarge euiFlexGrid--fourths euiFlexGrid--responsive"
        >
          <div
            class="euiFlexItem"
          >
            <div
              class="euiText euiText--extraSmall"
            >
              <dt>
                Current rollup window
              </dt>
              <dd>
                -
              </dd>
            </div>
          </div>
          <div
            class="euiFlexItem"
          >
            <div
              class="euiText euiText--extraSmall"
            >
              <dt>
                Status
              </dt>
              <dd>
                -
              </dd>
            </div>
          </div>
          <div
            class="euiFlexItem"
          >
            <div
              class="euiText euiText--extraSmall"
            >
              <dt>
                Rollup indexed
              </dt>
              <dd>
                -
              </dd>
            </div>
          </div>
          <div
            class="euiFlexItem"
          >
            <div
              class="euiText euiText--extraSmall"
            >
              <dt>
                Indexed time (ms)
              </dt>
              <dd>
                -
              </dd>
            </div>
          </div>
          <div
            class="euiFlexItem"
          />
          <div
            class="euiFlexItem"
          />
          <div
            class="euiFlexItem"
          >
            <div
              class="euiText euiText--extraSmall"
            >
              <dt>
                Document processed
              </dt>
              <dd>
                -
              </dd>
            </div>
          </div>
          <div
            class="euiFlexItem"
          >
            <div
              class="euiText euiText--extraSmall"
            >
              <dt>
                Search time (ms)
              </dt>
              <dd>
                -
              </dd>
            </div>
          </div>
          <div
            class="euiFlexItem"
          />
          <div
            class="euiFlexItem"
          />
          <div
            class="euiFlexItem"
          >
            <div
              class="euiText euiText--extraSmall"
            >
              <dt>
                Page processed
              </dt>
              <dd>
                -
              </dd>
            </div>
          </div>
        </div>
        <div
          class="euiSpacer euiSpacer--s"
        />
      </div>
    </div>
  </div>
  <div
    class="euiSpacer euiSpacer--l"
  />
  <div
    class="euiPanel euiPanel--paddingMedium"
    style="padding-left: 0px; padding-right: 0px;"
  >
    <div
      class="euiFlexGroup euiFlexGroup--gutterLarge euiFlexGroup--alignItemsCenter euiFlexGroup--justifyContentSpaceBetween euiFlexGroup--directionRow euiFlexGroup--responsive"
      style="padding: 0px 10px;"
    >
      <div
        class="euiFlexItem"
      >
        <h3
          class="euiTitle euiTitle--medium"
        >
          Aggregation and metrics settings
        </h3>
      </div>
    </div>
    <hr
      class="euiHorizontalRule euiHorizontalRule--full euiHorizontalRule--marginXSmall"
    />
    <div
      style="padding: initial;"
    >
      <div
        style="padding-left: 10px;"
      >
        <div
          class="euiSpacer euiSpacer--s"
        />
        <div
          class="euiText euiText--medium"
        >
          <h3>
            Additional metrics
          </h3>
        </div>
        <div
          class="euiFlexGrid euiFlexGrid--gutterLarge euiFlexGrid--thirds euiFlexGrid--responsive"
        >
          <div
            class="euiFlexItem"
          >
            <div
              class="euiText euiText--extraSmall"
            >
              <dt>
                Timestamp field
              </dt>
              <dd />
            </div>
          </div>
          <div
            class="euiFlexItem"
          >
            <div
              class="euiText euiText--extraSmall"
            >
              <dt>
                Interval
              </dt>
              <dd />
            </div>
          </div>
          <div
            class="euiFlexItem"
          >
            <div
              class="euiText euiText--extraSmall"
            >
              <dt>
                Timezone
              </dt>
              <dd>
                UTC +0
              </dd>
            </div>
          </div>
        </div>
        <div
          class="euiSpacer euiSpacer--s"
        />
        <div
          class="euiFlexGroup euiFlexGroup--gutterExtraSmall euiFlexGroup--directionRow euiFlexGroup--responsive"
        >
          <div
            class="euiFlexItem euiFlexItem--flexGrowZero"
          >
            <div
              class="euiText euiText--medium"
            >
              <h3>
                Additional aggregations
              </h3>
            </div>
          </div>
          <div
            class="euiFlexItem euiFlexItem--flexGrowZero"
          >
            <div
              class="euiText euiText--medium"
            >
              <div
                class="euiTextAlign euiTextAlign--left"
              >
                <div
                  class="euiTextColor euiTextColor--subdued"
                >
                  <h3>
                    (0)
                  </h3>
                </div>
              </div>
            </div>
          </div>
        </div>
        <div
          class="euiText euiText--medium"
        >
          <dd>
            No fields added for aggregation
          </dd>
        </div>
        <div
          class="euiSpacer euiSpacer--m"
        />
        <div
          class="euiSpacer euiSpacer--l"
        />
        <div
          class="euiFlexGroup euiFlexGroup--gutterExtraSmall euiFlexGroup--directionRow euiFlexGroup--responsive"
        >
          <div
            class="euiFlexItem euiFlexItem--flexGrowZero"
          >
            <div
              class="euiText euiText--medium"
            >
              <h3>
                Additional metrics
              </h3>
            </div>
          </div>
          <div
            class="euiFlexItem euiFlexItem--flexGrowZero"
          >
            <div
              class="euiText euiText--medium"
            >
              <div
                class="euiTextAlign euiTextAlign--left"
              >
                <div
                  class="euiTextColor euiTextColor--subdued"
                >
                  <h3>
                    (0)
                  </h3>
                </div>
              </div>
            </div>
          </div>
        </div>
        <div
          class="euiText euiText--medium"
        >
          <dd>
            No fields added for metrics
          </dd>
        </div>
        <div
          class="euiSpacer euiSpacer--s"
        />
      </div>
    </div>
  </div>
  <div
    class="euiSpacer euiSpacer--l"
  />
</div>
`;
